[2026-06-12 02:09:21 +07:00] Watcher started. PIDs=28316, 31888 Deadline=06/12/2026 06:30:00
[2026-06-12 02:09:21 +07:00] Still running: 28316, 31888
[2026-06-12 02:10:21 +07:00] Still running: 28316, 31888
[2026-06-12 02:11:21 +07:00] Still running: 28316, 31888
[2026-06-12 02:12:21 +07:00] Still running: 28316, 31888
[2026-06-12 02:13:21 +07:00] Still running: 28316, 31888
[2026-06-12 02:14:21 +07:00] Still running: 28316, 31888
[2026-06-12 02:15:21 +07:00] Still running: 28316, 31888
[2026-06-12 02:16:21 +07:00] Still running: 28316, 31888
[2026-06-12 02:17:21 +07:00] Still running: 28316, 31888
[2026-06-12 02:18:21 +07:00] Still running: 28316, 31888
[2026-06-12 02:19:21 +07:00] Still running: 28316, 31888
[2026-06-12 02:20:21 +07:00] Still running: 28316, 31888
[2026-06-12 02:21:21 +07:00] Still running: 28316, 31888
[2026-06-12 02:22:21 +07:00] Still running: 28316, 31888
[2026-06-12 02:23:21 +07:00] Still running: 28316, 31888
[2026-06-12 02:24:21 +07:00] Still running: 28316, 31888
[2026-06-12 02:25:21 +07:00] Still running: 28316, 31888
[2026-06-12 02:26:21 +07:00] Still running: 28316, 31888
[2026-06-12 02:27:21 +07:00] Still running: 28316, 31888
[2026-06-12 02:28:21 +07:00] Still running: 28316, 31888
[2026-06-12 02:29:21 +07:00] Still running: 28316, 31888
[2026-06-12 02:30:21 +07:00] Still running: 28316, 31888
[2026-06-12 02:31:21 +07:00] Still running: 28316, 31888
[2026-06-12 02:32:21 +07:00] Still running: 28316, 31888
[2026-06-12 02:33:21 +07:00] Still running: 28316, 31888
[2026-06-12 02:34:21 +07:00] Still running: 28316, 31888
[2026-06-12 02:35:21 +07:00] Still running: 28316, 31888
[2026-06-12 02:36:21 +07:00] Still running: 28316, 31888
[2026-06-12 02:37:21 +07:00] Still running: 28316, 31888
[2026-06-12 02:38:21 +07:00] Still running: 28316, 31888
[2026-06-12 02:39:21 +07:00] Still running: 28316, 31888
[2026-06-12 02:40:21 +07:00] Still running: 28316, 31888
[2026-06-12 02:41:21 +07:00] Still running: 28316, 31888
[2026-06-12 02:42:21 +07:00] Still running: 28316, 31888
[2026-06-12 02:43:21 +07:00] Still running: 28316, 31888
[2026-06-12 02:44:21 +07:00] Still running: 28316, 31888
[2026-06-12 02:45:21 +07:00] Still running: 28316, 31888
[2026-06-12 02:46:21 +07:00] Still running: 28316, 31888
[2026-06-12 02:47:21 +07:00] Still running: 28316, 31888
[2026-06-12 02:48:21 +07:00] Still running: 28316, 31888
[2026-06-12 02:49:22 +07:00] Still running: 28316, 31888
[2026-06-12 02:50:22 +07:00] Still running: 28316, 31888
[2026-06-12 02:51:22 +07:00] Still running: 28316, 31888
[2026-06-12 02:52:22 +07:00] Still running: 28316, 31888
[2026-06-12 02:53:22 +07:00] Still running: 28316, 31888
[2026-06-12 02:54:22 +07:00] Still running: 28316, 31888
[2026-06-12 02:55:22 +07:00] Still running: 28316, 31888
[2026-06-12 02:56:22 +07:00] Still running: 28316, 31888
[2026-06-12 02:57:22 +07:00] Still running: 28316, 31888
[2026-06-12 02:58:22 +07:00] Still running: 28316, 31888
[2026-06-12 02:59:22 +07:00] Still running: 28316, 31888
[2026-06-12 03:00:22 +07:00] Still running: 28316, 31888
[2026-06-12 03:01:22 +07:00] Still running: 28316, 31888
[2026-06-12 03:02:22 +07:00] Still running: 28316, 31888
[2026-06-12 03:03:22 +07:00] Still running: 28316, 31888
[2026-06-12 03:04:22 +07:00] Still running: 28316, 31888
[2026-06-12 03:05:22 +07:00] Still running: 28316, 31888
[2026-06-12 03:06:22 +07:00] Still running: 28316, 31888
[2026-06-12 03:07:22 +07:00] Still running: 28316, 31888
[2026-06-12 03:08:22 +07:00] Still running: 28316, 31888
[2026-06-12 03:09:22 +07:00] Still running: 28316, 31888
[2026-06-12 03:10:22 +07:00] Still running: 28316, 31888
[2026-06-12 03:11:22 +07:00] Still running: 28316, 31888
[2026-06-12 03:12:22 +07:00] Still running: 28316, 31888
[2026-06-12 03:13:22 +07:00] Still running: 28316, 31888
[2026-06-12 03:14:22 +07:00] Still running: 28316, 31888
[2026-06-12 03:15:22 +07:00] Still running: 28316, 31888
[2026-06-12 03:16:22 +07:00] Still running: 28316, 31888
[2026-06-12 03:17:22 +07:00] Still running: 28316, 31888
[2026-06-12 03:18:22 +07:00] Still running: 28316, 31888
[2026-06-12 03:19:22 +07:00] Still running: 28316, 31888
[2026-06-12 03:20:22 +07:00] Still running: 28316, 31888
[2026-06-12 03:21:22 +07:00] Still running: 28316, 31888
[2026-06-12 03:22:22 +07:00] Still running: 28316, 31888
[2026-06-12 03:23:22 +07:00] Still running: 28316, 31888
[2026-06-12 03:24:22 +07:00] Still running: 28316, 31888
[2026-06-12 03:25:22 +07:00] Still running: 28316, 31888
[2026-06-12 03:26:22 +07:00] Still running: 28316, 31888
[2026-06-12 03:27:22 +07:00] Still running: 28316, 31888
[2026-06-12 03:28:22 +07:00] Still running: 28316, 31888
[2026-06-12 03:29:22 +07:00] Still running: 28316, 31888
[2026-06-12 03:30:22 +07:00] Still running: 28316, 31888
[2026-06-12 03:31:22 +07:00] Still running: 28316, 31888
[2026-06-12 03:32:22 +07:00] Still running: 28316, 31888
[2026-06-12 03:33:22 +07:00] Still running: 28316, 31888
[2026-06-12 03:34:22 +07:00] Still running: 28316, 31888
[2026-06-12 03:35:22 +07:00] Still running: 28316, 31888
[2026-06-12 03:36:22 +07:00] Still running: 28316, 31888
[2026-06-12 03:37:22 +07:00] Still running: 28316, 31888
[2026-06-12 03:38:22 +07:00] Still running: 28316, 31888
[2026-06-12 03:39:22 +07:00] Still running: 28316, 31888
[2026-06-12 03:40:22 +07:00] Still running: 28316, 31888
[2026-06-12 03:41:22 +07:00] Still running: 28316, 31888
[2026-06-12 03:42:22 +07:00] Still running: 28316, 31888
[2026-06-12 03:43:22 +07:00] Still running: 28316, 31888
[2026-06-12 03:44:22 +07:00] Still running: 28316, 31888
[2026-06-12 03:45:22 +07:00] Still running: 28316, 31888
[2026-06-12 03:46:22 +07:00] Still running: 28316, 31888
[2026-06-12 03:47:22 +07:00] Still running: 28316, 31888
[2026-06-12 03:48:22 +07:00] Still running: 28316, 31888
[2026-06-12 03:49:22 +07:00] Still running: 28316, 31888
[2026-06-12 03:50:22 +07:00] Still running: 28316, 31888
[2026-06-12 03:51:23 +07:00] Still running: 28316, 31888
[2026-06-12 03:52:23 +07:00] Still running: 28316, 31888
[2026-06-12 03:53:23 +07:00] Still running: 28316, 31888
[2026-06-12 03:54:23 +07:00] Still running: 28316, 31888
[2026-06-12 03:55:23 +07:00] Still running: 28316, 31888
[2026-06-12 03:56:23 +07:00] Still running: 28316, 31888
[2026-06-12 03:57:23 +07:00] Still running: 28316, 31888
[2026-06-12 03:58:23 +07:00] Still running: 28316, 31888
[2026-06-12 03:59:23 +07:00] Still running: 28316, 31888
[2026-06-12 04:00:23 +07:00] Still running: 28316, 31888
[2026-06-12 04:01:23 +07:00] Still running: 28316, 31888
[2026-06-12 04:02:23 +07:00] Still running: 28316, 31888
[2026-06-12 04:03:23 +07:00] Still running: 28316, 31888
[2026-06-12 04:04:23 +07:00] Still running: 28316, 31888
[2026-06-12 04:05:23 +07:00] Still running: 28316, 31888
[2026-06-12 04:06:23 +07:00] Still running: 28316, 31888
[2026-06-12 04:07:23 +07:00] Still running: 28316, 31888
[2026-06-12 04:08:23 +07:00] Still running: 28316, 31888
[2026-06-12 04:09:23 +07:00] Still running: 28316, 31888
[2026-06-12 04:10:23 +07:00] Still running: 28316, 31888
[2026-06-12 04:11:23 +07:00] Still running: 28316, 31888
[2026-06-12 04:12:23 +07:00] Still running: 28316, 31888
[2026-06-12 04:13:23 +07:00] Still running: 28316, 31888
[2026-06-12 04:14:23 +07:00] Still running: 28316, 31888
[2026-06-12 04:15:23 +07:00] Still running: 28316, 31888
[2026-06-12 04:16:23 +07:00] Still running: 28316, 31888
[2026-06-12 04:17:23 +07:00] Still running: 28316, 31888
[2026-06-12 04:18:23 +07:00] Still running: 28316, 31888
[2026-06-12 04:19:23 +07:00] Still running: 28316, 31888
[2026-06-12 04:20:23 +07:00] Still running: 28316, 31888
[2026-06-12 04:21:23 +07:00] Still running: 28316, 31888
[2026-06-12 04:22:23 +07:00] Still running: 28316, 31888
[2026-06-12 04:23:23 +07:00] Still running: 28316, 31888
[2026-06-12 04:24:23 +07:00] Still running: 28316, 31888
[2026-06-12 04:25:23 +07:00] Still running: 28316, 31888
[2026-06-12 04:26:23 +07:00] Still running: 28316, 31888
[2026-06-12 04:27:23 +07:00] Still running: 28316, 31888
[2026-06-12 04:28:23 +07:00] Still running: 28316, 31888
[2026-06-12 04:29:23 +07:00] Still running: 28316, 31888
[2026-06-12 04:30:23 +07:00] Still running: 28316, 31888
[2026-06-12 04:31:23 +07:00] Still running: 28316, 31888
[2026-06-12 04:32:23 +07:00] Still running: 28316, 31888
[2026-06-12 04:33:23 +07:00] Still running: 28316, 31888
[2026-06-12 04:34:23 +07:00] Still running: 28316, 31888
[2026-06-12 04:35:23 +07:00] Still running: 28316, 31888
[2026-06-12 04:36:23 +07:00] Still running: 28316, 31888
[2026-06-12 04:37:23 +07:00] Still running: 28316, 31888
[2026-06-12 04:38:23 +07:00] Still running: 28316, 31888
[2026-06-12 04:39:23 +07:00] Still running: 28316, 31888
[2026-06-12 04:40:23 +07:00] Still running: 28316, 31888
[2026-06-12 04:41:23 +07:00] Still running: 28316, 31888
[2026-06-12 04:42:23 +07:00] Still running: 28316, 31888
[2026-06-12 04:43:23 +07:00] Still running: 28316, 31888
[2026-06-12 04:44:23 +07:00] Still running: 28316, 31888
[2026-06-12 04:45:24 +07:00] Still running: 28316, 31888
[2026-06-12 04:46:24 +07:00] Still running: 28316, 31888
[2026-06-12 04:47:24 +07:00] All watched PIDs exited at 06/12/2026 04:47:24
[2026-06-12 04:47:24 +07:00] Run check: C:\Users\MinhQuang\DRL\DRL_Pathplanning_trainning\Data\Training\SAC\FRAME_ONLY\run_20260611_185909 => final_model_present
[2026-06-12 04:47:24 +07:00] Run check: C:\Users\MinhQuang\DRL\DRL_Pathplanning_trainning\Data\Training\SAC\FRAME_ONLY\run_20260611_185740 => final_model_missing
[2026-06-12 04:47:24 +07:00] Run check: C:\Users\MinhQuang\DRL\DRL_Pathplanning_trainning\Data\Training\SAC\FRAME_ONLY\run_20260611_185515 => final_model_missing
[2026-06-12 04:47:24 +07:00] Run check: C:\Users\MinhQuang\DRL\DRL_Pathplanning_trainning\Data\Training\SAC\FRAME_ONLY\run_20260611_181223 => final_model_missing
[2026-06-12 04:47:24 +07:00] Run check: C:\Users\MinhQuang\DRL\DRL_Pathplanning_trainning\Data\Training\SAC\FRAME_ONLY\run_20260611_181151 => final_model_missing
[2026-06-12 04:47:24 +07:00] Before deadline. Scheduling shutdown in 60 seconds.
